Archive member included to satisfy reference by file (symbol)

d:/set up new/7.0/toolchain/avr8/avr8-gnu-toolchain/bin/../lib/gcc/avr/5.4.0/avr5\libgcc.a(_udivmodsi4.o)
                              I2C.o (__udivmodsi4)
d:/set up new/7.0/toolchain/avr8/avr8-gnu-toolchain/bin/../lib/gcc/avr/5.4.0/avr5\libgcc.a(_exit.o)
                              D:/set up new/7.0/Packs/atmel/ATmega_DFP/1.2.209/gcc/dev/atmega32a/avr5/crtatmega32a.o (exit)
d:/set up new/7.0/toolchain/avr8/avr8-gnu-toolchain/bin/../lib/gcc/avr/5.4.0/avr5\libgcc.a(_tablejump2.o)
                              DIO.o (__tablejump2__)

Discarded input sections

 .data          0x00000000        0x0 D:/set up new/7.0/Packs/atmel/ATmega_DFP/1.2.209/gcc/dev/atmega32a/avr5/crtatmega32a.o
 .bss           0x00000000        0x0 D:/set up new/7.0/Packs/atmel/ATmega_DFP/1.2.209/gcc/dev/atmega32a/avr5/crtatmega32a.o
 .text          0x00000000        0x0 DIO.o
 .data          0x00000000        0x0 DIO.o
 .bss           0x00000000        0x0 DIO.o
 .text.DIO_vTogglePin
                0x00000000       0x6e DIO.o
 .progmem.gcc_sw_table.DIO_vTogglePin
                0x00000000       0x48 DIO.o
 .text.DIO_u8ReadPin
                0x00000000       0xb6 DIO.o
 .progmem.gcc_sw_table.DIO_u8ReadPin
                0x00000000       0x48 DIO.o
 .text.DIO_vPinPullUp
                0x00000000       0x12 DIO.o
 .text.DIO_vSetPortDir
                0x00000000       0x26 DIO.o
 .progmem.gcc_sw_table.DIO_vSetPortDir
                0x00000000       0x48 DIO.o
 .text.DIO_vWritePortValue
                0x00000000       0x26 DIO.o
 .progmem.gcc_sw_table.DIO_vWritePortValue
                0x00000000       0x48 DIO.o
 .text.DIO_vTogglePort
                0x00000000       0x36 DIO.o
 .progmem.gcc_sw_table.DIO_vTogglePort
                0x00000000       0x48 DIO.o
 .text.DIO_u8ReadPort
                0x00000000       0x28 DIO.o
 .progmem.gcc_sw_table.DIO_u8ReadPort
                0x00000000       0x48 DIO.o
 .text.DIO_vPortPullUp
                0x00000000       0x14 DIO.o
 .text.DIO_vSetPortHighNibble
                0x00000000       0x40 DIO.o
 .text.DIO_vWritePortHighNibble
                0x00000000       0x40 DIO.o
 .text          0x00000000        0x0 EEPROM_I2C.o
 .data          0x00000000        0x0 EEPROM_I2C.o
 .bss           0x00000000        0x0 EEPROM_I2C.o
 .text          0x00000000        0x0 I2C.o
 .data          0x00000000        0x0 I2C.o
 .bss           0x00000000        0x0 I2C.o
 .text.I2C_read_with_ACK
                0x00000000       0x16 I2C.o
 .text.I2C_vSET_ADDRESS
                0x00000000        0x4 I2C.o
 .text.I2C_u8SLAVE_READ
                0x00000000       0x28 I2C.o
 .text          0x00000000        0x0 LCD.o
 .data          0x00000000        0x0 LCD.o
 .bss           0x00000000        0x0 LCD.o
 .text.LCD_vClearScreen
                0x00000000        0x8 LCD.o
 .text.LCD_vMoveCursor
                0x00000000       0x42 LCD.o
 .text.LCD_vNewLine
                0x00000000        0x8 LCD.o
 .text.LCD_vSendString
                0x00000000       0x30 LCD.o
 .text          0x00000000        0x0 main.o
 .data          0x00000000        0x0 main.o
 .bss           0x00000000        0x0 main.o
 .text          0x00000000        0x0 d:/set up new/7.0/toolchain/avr8/avr8-gnu-toolchain/bin/../lib/gcc/avr/5.4.0/avr5\libgcc.a(_udivmodsi4.o)
 .data          0x00000000        0x0 d:/set up new/7.0/toolchain/avr8/avr8-gnu-toolchain/bin/../lib/gcc/avr/5.4.0/avr5\libgcc.a(_udivmodsi4.o)
 .bss           0x00000000        0x0 d:/set up new/7.0/toolchain/avr8/avr8-gnu-toolchain/bin/../lib/gcc/avr/5.4.0/avr5\libgcc.a(_udivmodsi4.o)
 .text.libgcc.mul
                0x00000000        0x0 d:/set up new/7.0/toolchain/avr8/avr8-gnu-toolchain/bin/../lib/gcc/avr/5.4.0/avr5\libgcc.a(_udivmodsi4.o)
 .text.libgcc   0x00000000        0x0 d:/set up new/7.0/toolchain/avr8/avr8-gnu-toolchain/bin/../lib/gcc/avr/5.4.0/avr5\libgcc.a(_udivmodsi4.o)
 .text.libgcc.prologue
                0x00000000        0x0 d:/set up new/7.0/toolchain/avr8/avr8-gnu-toolchain/bin/../lib/gcc/avr/5.4.0/avr5\libgcc.a(_udivmodsi4.o)
 .text.libgcc.builtins
                0x00000000        0x0 d:/set up new/7.0/toolchain/avr8/avr8-gnu-toolchain/bin/../lib/gcc/avr/5.4.0/avr5\libgcc.a(_udivmodsi4.o)
 .text.libgcc.fmul
                0x00000000        0x0 d:/set up new/7.0/toolchain/avr8/avr8-gnu-toolchain/bin/../lib/gcc/avr/5.4.0/avr5\libgcc.a(_udivmodsi4.o)
 .text.libgcc.fixed
                0x00000000        0x0 d:/set up new/7.0/toolchain/avr8/avr8-gnu-toolchain/bin/../lib/gcc/avr/5.4.0/avr5\libgcc.a(_udivmodsi4.o)
 .text          0x00000000        0x0 d:/set up new/7.0/toolchain/avr8/avr8-gnu-toolchain/bin/../lib/gcc/avr/5.4.0/avr5\libgcc.a(_exit.o)
 .data          0x00000000        0x0 d:/set up new/7.0/toolchain/avr8/avr8-gnu-toolchain/bin/../lib/gcc/avr/5.4.0/avr5\libgcc.a(_exit.o)
 .bss           0x00000000        0x0 d:/set up new/7.0/toolchain/avr8/avr8-gnu-toolchain/bin/../lib/gcc/avr/5.4.0/avr5\libgcc.a(_exit.o)
 .text.libgcc.mul
                0x00000000        0x0 d:/set up new/7.0/toolchain/avr8/avr8-gnu-toolchain/bin/../lib/gcc/avr/5.4.0/avr5\libgcc.a(_exit.o)
 .text.libgcc.div
                0x00000000        0x0 d:/set up new/7.0/toolchain/avr8/avr8-gnu-toolchain/bin/../lib/gcc/avr/5.4.0/avr5\libgcc.a(_exit.o)
 .text.libgcc   0x00000000        0x0 d:/set up new/7.0/toolchain/avr8/avr8-gnu-toolchain/bin/../lib/gcc/avr/5.4.0/avr5\libgcc.a(_exit.o)
 .text.libgcc.prologue
                0x00000000        0x0 d:/set up new/7.0/toolchain/avr8/avr8-gnu-toolchain/bin/../lib/gcc/avr/5.4.0/avr5\libgcc.a(_exit.o)
 .text.libgcc.builtins
                0x00000000        0x0 d:/set up new/7.0/toolchain/avr8/avr8-gnu-toolchain/bin/../lib/gcc/avr/5.4.0/avr5\libgcc.a(_exit.o)
 .text.libgcc.fmul
                0x00000000        0x0 d:/set up new/7.0/toolchain/avr8/avr8-gnu-toolchain/bin/../lib/gcc/avr/5.4.0/avr5\libgcc.a(_exit.o)
 .text.libgcc.fixed
                0x00000000        0x0 d:/set up new/7.0/toolchain/avr8/avr8-gnu-toolchain/bin/../lib/gcc/avr/5.4.0/avr5\libgcc.a(_exit.o)
 .text          0x00000000        0x0 d:/set up new/7.0/toolchain/avr8/avr8-gnu-toolchain/bin/../lib/gcc/avr/5.4.0/avr5\libgcc.a(_tablejump2.o)
 .data          0x00000000        0x0 d:/set up new/7.0/toolchain/avr8/avr8-gnu-toolchain/bin/../lib/gcc/avr/5.4.0/avr5\libgcc.a(_tablejump2.o)
 .bss           0x00000000        0x0 d:/set up new/7.0/toolchain/avr8/avr8-gnu-toolchain/bin/../lib/gcc/avr/5.4.0/avr5\libgcc.a(_tablejump2.o)
 .text.libgcc.mul
                0x00000000        0x0 d:/set up new/7.0/toolchain/avr8/avr8-gnu-toolchain/bin/../lib/gcc/avr/5.4.0/avr5\libgcc.a(_tablejump2.o)
 .text.libgcc.div
                0x00000000        0x0 d:/set up new/7.0/toolchain/avr8/avr8-gnu-toolchain/bin/../lib/gcc/avr/5.4.0/avr5\libgcc.a(_tablejump2.o)
 .text.libgcc.prologue
                0x00000000        0x0 d:/set up new/7.0/toolchain/avr8/avr8-gnu-toolchain/bin/../lib/gcc/avr/5.4.0/avr5\libgcc.a(_tablejump2.o)
 .text.libgcc.builtins
                0x00000000        0x0 d:/set up new/7.0/toolchain/avr8/avr8-gnu-toolchain/bin/../lib/gcc/avr/5.4.0/avr5\libgcc.a(_tablejump2.o)
 .text.libgcc.fmul
                0x00000000        0x0 d:/set up new/7.0/toolchain/avr8/avr8-gnu-toolchain/bin/../lib/gcc/avr/5.4.0/avr5\libgcc.a(_tablejump2.o)
 .text.libgcc.fixed
                0x00000000        0x0 d:/set up new/7.0/toolchain/avr8/avr8-gnu-toolchain/bin/../lib/gcc/avr/5.4.0/avr5\libgcc.a(_tablejump2.o)

Memory Configuration

Name             Origin             Length             Attributes
text             0x00000000         0x00020000         xr
data             0x00800060         0x0000ffa0         rw !x
eeprom           0x00810000         0x00010000         rw !x
fuse             0x00820000         0x00000002         rw !x
lock             0x00830000         0x00000400         rw !x
signature        0x00840000         0x00000400         rw !x
user_signatures  0x00850000         0x00000400         rw !x
*default*        0x00000000         0xffffffff

Linker script and memory map

LOAD D:/set up new/7.0/Packs/atmel/ATmega_DFP/1.2.209/gcc/dev/atmega32a/avr5/crtatmega32a.o
LOAD DIO.o
LOAD EEPROM_I2C.o
LOAD I2C.o
LOAD LCD.o
LOAD main.o
START GROUP
LOAD d:/set up new/7.0/toolchain/avr8/avr8-gnu-toolchain/bin/../lib/gcc/avr/5.4.0/../../../../avr/lib/avr5\libm.a
END GROUP
START GROUP
LOAD d:/set up new/7.0/toolchain/avr8/avr8-gnu-toolchain/bin/../lib/gcc/avr/5.4.0/avr5\libgcc.a
LOAD d:/set up new/7.0/toolchain/avr8/avr8-gnu-toolchain/bin/../lib/gcc/avr/5.4.0/../../../../avr/lib/avr5\libm.a
LOAD d:/set up new/7.0/toolchain/avr8/avr8-gnu-toolchain/bin/../lib/gcc/avr/5.4.0/../../../../avr/lib/avr5\libc.a
LOAD D:/set up new/7.0/Packs/atmel/ATmega_DFP/1.2.209/gcc/dev/atmega32a/avr5\libatmega32a.a
END GROUP
                0x00020000                __TEXT_REGION_LENGTH__ = DEFINED (__TEXT_REGION_LENGTH__)?__TEXT_REGION_LENGTH__:0x20000
                0x0000ffa0                __DATA_REGION_LENGTH__ = DEFINED (__DATA_REGION_LENGTH__)?__DATA_REGION_LENGTH__:0xffa0
                0x00010000                __EEPROM_REGION_LENGTH__ = DEFINED (__EEPROM_REGION_LENGTH__)?__EEPROM_REGION_LENGTH__:0x10000
                [0x00000002]                __FUSE_REGION_LENGTH__ = DEFINED (__FUSE_REGION_LENGTH__)?__FUSE_REGION_LENGTH__:0x400
                0x00000400                __LOCK_REGION_LENGTH__ = DEFINED (__LOCK_REGION_LENGTH__)?__LOCK_REGION_LENGTH__:0x400
                0x00000400                __SIGNATURE_REGION_LENGTH__ = DEFINED (__SIGNATURE_REGION_LENGTH__)?__SIGNATURE_REGION_LENGTH__:0x400
                0x00000400                __USER_SIGNATURE_REGION_LENGTH__ = DEFINED (__USER_SIGNATURE_REGION_LENGTH__)?__USER_SIGNATURE_REGION_LENGTH__:0x400

.hash
 *(.hash)

.dynsym
 *(.dynsym)

.dynstr
 *(.dynstr)

.gnu.version
 *(.gnu.version)

.gnu.version_d
 *(.gnu.version_d)

.gnu.version_r
 *(.gnu.version_r)

.rel.init
 *(.rel.init)

.rela.init
 *(.rela.init)

.rel.text
 *(.rel.text)
 *(.rel.text.*)
 *(.rel.gnu.linkonce.t*)

.rela.text
 *(.rela.text)
 *(.rela.text.*)
 *(.rela.gnu.linkonce.t*)

.rel.fini
 *(.rel.fini)

.rela.fini
 *(.rela.fini)

.rel.rodata
 *(.rel.rodata)
 *(.rel.rodata.*)
 *(.rel.gnu.linkonce.r*)

.rela.rodata
 *(.rela.rodata)
 *(.rela.rodata.*)
 *(.rela.gnu.linkonce.r*)

.rel.data
 *(.rel.data)
 *(.rel.data.*)
 *(.rel.gnu.linkonce.d*)

.rela.data
 *(.rela.data)
 *(.rela.data.*)
 *(.rela.gnu.linkonce.d*)

.rel.ctors
 *(.rel.ctors)

.rela.ctors
 *(.rela.ctors)

.rel.dtors
 *(.rel.dtors)

.rela.dtors
 *(.rela.dtors)

.rel.got
 *(.rel.got)

.rela.got
 *(.rela.got)

.rel.bss
 *(.rel.bss)

.rela.bss
 *(.rela.bss)

.rel.plt
 *(.rel.plt)

.rela.plt
 *(.rela.plt)

.text           0x00000000      0x61a
 *(.vectors)
 .vectors       0x00000000       0x54 D:/set up new/7.0/Packs/atmel/ATmega_DFP/1.2.209/gcc/dev/atmega32a/avr5/crtatmega32a.o
                0x00000000                __vector_default
                0x00000000                __vectors
 *(.vectors)
 *(.progmem.gcc*)
 .progmem.gcc_sw_table.DIO_vSetPinDir
                0x00000054       0x48 DIO.o
 .progmem.gcc_sw_table.DIO_vWritePinValue
                0x0000009c       0x48 DIO.o
                0x000000e4                . = ALIGN (0x2)
                0x000000e4                __trampolines_start = .
 *(.trampolines)
 .trampolines   0x000000e4        0x0 linker stubs
 *(.trampolines*)
                0x000000e4                __trampolines_end = .
 *libprintf_flt.a:*(.progmem.data)
 *libc.a:*(.progmem.data)
 *(.progmem*)
                0x000000e4                . = ALIGN (0x2)
 *(.jumptables)
 *(.jumptables*)
 *(.lowtext)
 *(.lowtext*)
                0x000000e4                __ctors_start = .
 *(.ctors)
                0x000000e4                __ctors_end = .
                0x000000e4                __dtors_start = .
 *(.dtors)
                0x000000e4                __dtors_end = .
 SORT(*)(.ctors)
 SORT(*)(.dtors)
 *(.init0)
 .init0         0x000000e4        0x0 D:/set up new/7.0/Packs/atmel/ATmega_DFP/1.2.209/gcc/dev/atmega32a/avr5/crtatmega32a.o
                0x000000e4                __init
 *(.init0)
 *(.init1)
 *(.init1)
 *(.init2)
 .init2         0x000000e4        0xc D:/set up new/7.0/Packs/atmel/ATmega_DFP/1.2.209/gcc/dev/atmega32a/avr5/crtatmega32a.o
 *(.init2)
 *(.init3)
 *(.init3)
 *(.init4)
 *(.init4)
 *(.init5)
 *(.init5)
 *(.init6)
 *(.init6)
 *(.init7)
 *(.init7)
 *(.init8)
 *(.init8)
 *(.init9)
 .init9         0x000000f0        0x8 D:/set up new/7.0/Packs/atmel/ATmega_DFP/1.2.209/gcc/dev/atmega32a/avr5/crtatmega32a.o
 *(.init9)
 *(.text)
 .text          0x000000f8        0x4 D:/set up new/7.0/Packs/atmel/ATmega_DFP/1.2.209/gcc/dev/atmega32a/avr5/crtatmega32a.o
                0x000000f8                __vector_1
                0x000000f8                __vector_12
                0x000000f8                __bad_interrupt
                0x000000f8                __vector_6
                0x000000f8                __vector_3
                0x000000f8                __vector_11
                0x000000f8                __vector_13
                0x000000f8                __vector_17
                0x000000f8                __vector_19
                0x000000f8                __vector_7
                0x000000f8                __vector_5
                0x000000f8                __vector_4
                0x000000f8                __vector_9
                0x000000f8                __vector_2
                0x000000f8                __vector_15
                0x000000f8                __vector_8
                0x000000f8                __vector_14
                0x000000f8                __vector_10
                0x000000f8                __vector_16
                0x000000f8                __vector_18
                0x000000f8                __vector_20
                0x000000fc                . = ALIGN (0x2)
 *(.text.*)
 .text.DIO_vSetPinDir
                0x000000fc       0xe0 DIO.o
                0x000000fc                DIO_vSetPinDir
 .text.DIO_vWritePinValue
                0x000001dc       0xe0 DIO.o
                0x000001dc                DIO_vWritePinValue
 .text.DIO_vSetPortLowNibble
                0x000002bc       0x40 DIO.o
                0x000002bc                DIO_vSetPortLowNibble
 .text.DIO_vWritePortLowNibble
                0x000002fc       0x40 DIO.o
                0x000002fc                DIO_vWritePortLowNibble
 .text.EEPROM_I2C_vWRITE_DATA
                0x0000033c       0x30 EEPROM_I2C.o
                0x0000033c                EEPROM_I2C_vWRITE_DATA
 .text.EEPROM_I2C_u8READ_DATA
                0x0000036c       0x30 EEPROM_I2C.o
                0x0000036c                EEPROM_I2C_u8READ_DATA
 .text.I2C_vMASTER_INT
                0x0000039c       0x28 I2C.o
                0x0000039c                I2C_vMASTER_INT
 .text.I2C_vSTART
                0x000003c4       0x14 I2C.o
                0x000003c4                I2C_vSTART
 .text.I2C_vSTART_REPEAT
                0x000003d8       0x14 I2C.o
                0x000003d8                I2C_vSTART_REPEAT
 .text.I2C_read_with_NO_ACK
                0x000003ec       0x16 I2C.o
                0x000003ec                I2C_read_with_NO_ACK
 .text.I2C_vSTOP
                0x00000402        0x6 I2C.o
                0x00000402                I2C_vSTOP
 .text.I2C_vSEND_ADDRESS
                0x00000408       0x2a I2C.o
                0x00000408                I2C_vSEND_ADDRESS
 .text.I2C_vWRITE_DATA
                0x00000432       0x16 I2C.o
                0x00000432                I2C_vWRITE_DATA
 .text.LCD_Enable_pulse
                0x00000448       0x2e LCD.o
 .text.LCD_vSendCommand
                0x00000476       0x3a LCD.o
                0x00000476                LCD_vSendCommand
 .text.LCD_vSendChar
                0x000004b0       0x2e LCD.o
                0x000004b0                LCD_vSendChar
 .text.LCD_vInitialize
                0x000004de       0x9c LCD.o
                0x000004de                LCD_vInitialize
 .text.main     0x0000057a       0x4c main.o
                0x0000057a                main
 .text.libgcc.div
                0x000005c6       0x44 d:/set up new/7.0/toolchain/avr8/avr8-gnu-toolchain/bin/../lib/gcc/avr/5.4.0/avr5\libgcc.a(_udivmodsi4.o)
                0x000005c6                __udivmodsi4
 .text.libgcc   0x0000060a        0xc d:/set up new/7.0/toolchain/avr8/avr8-gnu-toolchain/bin/../lib/gcc/avr/5.4.0/avr5\libgcc.a(_tablejump2.o)
                0x0000060a                __tablejump2__
                0x00000616                . = ALIGN (0x2)
 *(.fini9)
 .fini9         0x00000616        0x0 d:/set up new/7.0/toolchain/avr8/avr8-gnu-toolchain/bin/../lib/gcc/avr/5.4.0/avr5\libgcc.a(_exit.o)
                0x00000616                _exit
                0x00000616                exit
 *(.fini9)
 *(.fini8)
 *(.fini8)
 *(.fini7)
 *(.fini7)
 *(.fini6)
 *(.fini6)
 *(.fini5)
 *(.fini5)
 *(.fini4)
 *(.fini4)
 *(.fini3)
 *(.fini3)
 *(.fini2)
 *(.fini2)
 *(.fini1)
 *(.fini1)
 *(.fini0)
 .fini0         0x00000616        0x4 d:/set up new/7.0/toolchain/avr8/avr8-gnu-toolchain/bin/../lib/gcc/avr/5.4.0/avr5\libgcc.a(_exit.o)
 *(.fini0)
                0x0000061a                _etext = .

.data           0x00800060        0x0 load address 0x0000061a
                [!provide]                PROVIDE (__data_start, .)
 *(.data)
 *(.data*)
 *(.gnu.linkonce.d*)
 *(.rodata)
 *(.rodata*)
 *(.gnu.linkonce.r*)
                0x00800060                . = ALIGN (0x2)
                0x00800060                _edata = .
                [!provide]                PROVIDE (__data_end, .)

.bss            0x00800060        0x0
                [!provide]                PROVIDE (__bss_start, .)
 *(.bss)
 *(.bss*)
 *(COMMON)
                [!provide]                PROVIDE (__bss_end, .)
                0x0000061a                __data_load_start = LOADADDR (.data)
                0x0000061a                __data_load_end = (__data_load_start + SIZEOF (.data))

.noinit         0x00800060        0x0
                [!provide]                PROVIDE (__noinit_start, .)
 *(.noinit*)
                [!provide]                PROVIDE (__noinit_end, .)
                0x00800060                _end = .
                [!provide]                PROVIDE (__heap_start, .)

.eeprom         0x00810000        0x0
 *(.eeprom*)
                0x00810000                __eeprom_end = .

.fuse
 *(.fuse)
 *(.lfuse)
 *(.hfuse)
 *(.efuse)

.lock
 *(.lock*)

.signature
 *(.signature*)

.user_signatures
 *(.user_signatures*)

.stab
 *(.stab)

.stabstr
 *(.stabstr)

.stab.excl
 *(.stab.excl)

.stab.exclstr
 *(.stab.exclstr)

.stab.index
 *(.stab.index)

.stab.indexstr
 *(.stab.indexstr)

.comment        0x00000000       0x30
 *(.comment)
 .comment       0x00000000       0x30 DIO.o
                                 0x31 (size before relaxing)
 .comment       0x00000030       0x31 EEPROM_I2C.o
 .comment       0x00000030       0x31 I2C.o
 .comment       0x00000030       0x31 LCD.o
 .comment       0x00000030       0x31 main.o

.note.gnu.avr.deviceinfo
                0x00000000       0x3c
 .note.gnu.avr.deviceinfo
                0x00000000       0x3c D:/set up new/7.0/Packs/atmel/ATmega_DFP/1.2.209/gcc/dev/atmega32a/avr5/crtatmega32a.o

.note.gnu.build-id
 *(.note.gnu.build-id)

.debug
 *(.debug)

.line
 *(.line)

.debug_srcinfo
 *(.debug_srcinfo)

.debug_sfnames
 *(.debug_sfnames)

.debug_aranges  0x00000000      0x190
 *(.debug_aranges)
 .debug_aranges
                0x00000000       0x88 DIO.o
 .debug_aranges
                0x00000088       0x28 EEPROM_I2C.o
 .debug_aranges
                0x000000b0       0x68 I2C.o
 .debug_aranges
                0x00000118       0x58 LCD.o
 .debug_aranges
                0x00000170       0x20 main.o

.debug_pubnames
 *(.debug_pubnames)

.debug_info     0x00000000     0x1628
 *(.debug_info .gnu.linkonce.wi.*)
 .debug_info    0x00000000      0x4e6 D:/set up new/7.0/Packs/atmel/ATmega_DFP/1.2.209/gcc/dev/atmega32a/avr5/crtatmega32a.o
 .debug_info    0x000004e6      0x4d3 DIO.o
 .debug_info    0x000009b9      0x1b8 EEPROM_I2C.o
 .debug_info    0x00000b71      0x1b0 I2C.o
 .debug_info    0x00000d21      0x70e LCD.o
 .debug_info    0x0000142f      0x1f9 main.o

.debug_abbrev   0x00000000      0x9dd
 *(.debug_abbrev)
 .debug_abbrev  0x00000000      0x4a3 D:/set up new/7.0/Packs/atmel/ATmega_DFP/1.2.209/gcc/dev/atmega32a/avr5/crtatmega32a.o
 .debug_abbrev  0x000004a3      0x16d DIO.o
 .debug_abbrev  0x00000610       0x9c EEPROM_I2C.o
 .debug_abbrev  0x000006ac       0xb2 I2C.o
 .debug_abbrev  0x0000075e      0x165 LCD.o
 .debug_abbrev  0x000008c3      0x11a main.o

.debug_line     0x00000000      0xbce
 *(.debug_line .debug_line.* .debug_line_end)
 .debug_line    0x00000000      0x115 D:/set up new/7.0/Packs/atmel/ATmega_DFP/1.2.209/gcc/dev/atmega32a/avr5/crtatmega32a.o
 .debug_line    0x00000115      0x3ed DIO.o
 .debug_line    0x00000502       0xa6 EEPROM_I2C.o
 .debug_line    0x000005a8      0x25a I2C.o
 .debug_line    0x00000802      0x2a8 LCD.o
 .debug_line    0x00000aaa      0x124 main.o

.debug_frame    0x00000000      0x344
 *(.debug_frame)
 .debug_frame   0x00000000      0x164 DIO.o
 .debug_frame   0x00000164       0x50 EEPROM_I2C.o
 .debug_frame   0x000001b4       0xb4 I2C.o
 .debug_frame   0x00000268       0xb0 LCD.o
 .debug_frame   0x00000318       0x2c main.o

.debug_str      0x00000000      0x718
 *(.debug_str)
 .debug_str     0x00000000      0x196 D:/set up new/7.0/Packs/atmel/ATmega_DFP/1.2.209/gcc/dev/atmega32a/avr5/crtatmega32a.o
 .debug_str     0x00000196      0x2d6 DIO.o
                                0x310 (size before relaxing)
 .debug_str     0x0000046c      0x147 EEPROM_I2C.o
                                0x210 (size before relaxing)
 .debug_str     0x000005b3       0x57 I2C.o
                                0x274 (size before relaxing)
 .debug_str     0x0000060a       0xfd LCD.o
                                0x2fc (size before relaxing)
 .debug_str     0x00000707       0x11 main.o
                                0x26c (size before relaxing)

.debug_loc      0x00000000      0xf24
 *(.debug_loc)
 .debug_loc     0x00000000      0x7b4 DIO.o
 .debug_loc     0x000007b4      0x147 EEPROM_I2C.o
 .debug_loc     0x000008fb       0x90 I2C.o
 .debug_loc     0x0000098b      0x511 LCD.o
 .debug_loc     0x00000e9c       0x88 main.o

.debug_macinfo
 *(.debug_macinfo)

.debug_weaknames
 *(.debug_weaknames)

.debug_funcnames
 *(.debug_funcnames)

.debug_typenames
 *(.debug_typenames)

.debug_varnames
 *(.debug_varnames)

.debug_pubtypes
 *(.debug_pubtypes)

.debug_ranges   0x00000000      0x140
 *(.debug_ranges)
 .debug_ranges  0x00000000       0x78 DIO.o
 .debug_ranges  0x00000078       0x18 EEPROM_I2C.o
 .debug_ranges  0x00000090       0x58 I2C.o
 .debug_ranges  0x000000e8       0x48 LCD.o
 .debug_ranges  0x00000130       0x10 main.o

.debug_macro
 *(.debug_macro)
OUTPUT(GccApplication1.elf elf32-avr)
LOAD linker stubs
